16-Apr-2026 21:54:32.424 INFORMACIÓN [main] org.apache.catalina.startup.VersionLoggerListener.log Nombre de la versión del servidor: Apache Tomcat/9.0.117
16-Apr-2026 21:54:32.428 INFORMACIÓN [main] org.apache.catalina.startup.VersionLoggerListener.log Server built:                      Mar 30 2026 18:21:16 UTC
16-Apr-2026 21:54:32.428 INFORMACIÓN [main] org.apache.catalina.startup.VersionLoggerListener.log Número de versión de servidor:     9.0.117.0
16-Apr-2026 21:54:32.428 INFORMACIÓN [main] org.apache.catalina.startup.VersionLoggerListener.log OS Name:                           Windows 11
16-Apr-2026 21:54:32.428 INFORMACIÓN [main] org.apache.catalina.startup.VersionLoggerListener.log Versión de Systema Operativo:      10.0
16-Apr-2026 21:54:32.428 INFORMACIÓN [main] org.apache.catalina.startup.VersionLoggerListener.log Arquitectura:                      amd64
16-Apr-2026 21:54:32.429 INFORMACIÓN [main] org.apache.catalina.startup.VersionLoggerListener.log Java Home:                         C:\Program Files\Microsoft\jdk-17.0.18.8-hotspot
16-Apr-2026 21:54:32.429 INFORMACIÓN [main] org.apache.catalina.startup.VersionLoggerListener.log JVM Version:                       17.0.18+8-LTS
16-Apr-2026 21:54:32.429 INFORMACIÓN [main] org.apache.catalina.startup.VersionLoggerListener.log Vededor JVM:                       Microsoft
16-Apr-2026 21:54:32.429 INFORMACIÓN [main] org.apache.catalina.startup.VersionLoggerListener.log CATALINA_BASE:                     C:\Users\yordi\Documents\NetBeansProjects\CV_Administrador\.runtime\apache-tomcat-9.0.117
16-Apr-2026 21:54:32.429 INFORMACIÓN [main] org.apache.catalina.startup.VersionLoggerListener.log CATALINA_HOME:                     C:\Users\yordi\Documents\NetBeansProjects\CV_Administrador\.runtime\apache-tomcat-9.0.117
16-Apr-2026 21:54:32.440 INFORMACIÓN [main] org.apache.catalina.startup.VersionLoggerListener.log Command line argument:             --add-opens=java.base/java.lang=ALL-UNNAMED
16-Apr-2026 21:54:32.440 INFORMACIÓN [main] org.apache.catalina.startup.VersionLoggerListener.log Command line argument:             --add-opens=java.base/java.lang.invoke=ALL-UNNAMED
16-Apr-2026 21:54:32.440 INFORMACIÓN [main] org.apache.catalina.startup.VersionLoggerListener.log Command line argument:             --add-opens=java.base/java.lang.reflect=ALL-UNNAMED
16-Apr-2026 21:54:32.440 INFORMACIÓN [main] org.apache.catalina.startup.VersionLoggerListener.log Command line argument:             --add-opens=java.base/java.io=ALL-UNNAMED
16-Apr-2026 21:54:32.440 INFORMACIÓN [main] org.apache.catalina.startup.VersionLoggerListener.log Command line argument:             --add-opens=java.base/java.util=ALL-UNNAMED
16-Apr-2026 21:54:32.440 INFORMACIÓN [main] org.apache.catalina.startup.VersionLoggerListener.log Command line argument:             --add-opens=java.base/java.util.concurrent=ALL-UNNAMED
16-Apr-2026 21:54:32.440 INFORMACIÓN [main] org.apache.catalina.startup.VersionLoggerListener.log Command line argument:             --add-opens=java.rmi/sun.rmi.transport=ALL-UNNAMED
16-Apr-2026 21:54:32.440 INFORMACIÓN [main] org.apache.catalina.startup.VersionLoggerListener.log Command line argument:             -Djava.util.logging.config.file=C:\Users\yordi\Documents\NetBeansProjects\CV_Administrador\.runtime\apache-tomcat-9.0.117\conf\logging.properties
16-Apr-2026 21:54:32.442 INFORMACIÓN [main] org.apache.catalina.startup.VersionLoggerListener.log Command line argument:             -Djava.util.logging.manager=org.apache.juli.ClassLoaderLogManager
16-Apr-2026 21:54:32.442 INFORMACIÓN [main] org.apache.catalina.startup.VersionLoggerListener.log Command line argument:             -Djdk.tls.ephemeralDHKeySize=2048
16-Apr-2026 21:54:32.442 INFORMACIÓN [main] org.apache.catalina.startup.VersionLoggerListener.log Command line argument:             -Djava.protocol.handler.pkgs=org.apache.catalina.webresources
16-Apr-2026 21:54:32.442 INFORMACIÓN [main] org.apache.catalina.startup.VersionLoggerListener.log Command line argument:             -Dsun.io.useCanonCaches=false
16-Apr-2026 21:54:32.442 INFORMACIÓN [main] org.apache.catalina.startup.VersionLoggerListener.log Command line argument:             -Dignore.endorsed.dirs=
16-Apr-2026 21:54:32.442 INFORMACIÓN [main] org.apache.catalina.startup.VersionLoggerListener.log Command line argument:             -Dcatalina.base=C:\Users\yordi\Documents\NetBeansProjects\CV_Administrador\.runtime\apache-tomcat-9.0.117
16-Apr-2026 21:54:32.442 INFORMACIÓN [main] org.apache.catalina.startup.VersionLoggerListener.log Command line argument:             -Dcatalina.home=C:\Users\yordi\Documents\NetBeansProjects\CV_Administrador\.runtime\apache-tomcat-9.0.117
16-Apr-2026 21:54:32.442 INFORMACIÓN [main] org.apache.catalina.startup.VersionLoggerListener.log Command line argument:             -Djava.io.tmpdir=C:\Users\yordi\Documents\NetBeansProjects\CV_Administrador\.runtime\apache-tomcat-9.0.117\temp
16-Apr-2026 21:54:32.447 INFORMACIÓN [main] org.apache.catalina.core.AprLifecycleListener.lifecycleEvent Cargada la biblioteca nativa APR de Apache Tomcat [1.3.7] con la versión APR [1.7.6].
16-Apr-2026 21:54:32.449 INFORMACIÓN [main] org.apache.catalina.core.AprLifecycleListener.lifecycleEvent Capacidades APR: IPv6 [true], enviar fichero [true], aceptar filtros [false], aleatorio [true], UDS [true].
16-Apr-2026 21:54:32.449 INFORMACIÓN [main] org.apache.catalina.core.AprLifecycleListener.lifecycleEvent APR/OpenSSL configuration: useAprConnector [false], useOpenSSL [true]
16-Apr-2026 21:54:32.455 INFORMACIÓN [main] org.apache.catalina.core.AprLifecycleListener.initializeSSL OpenSSL inicializado correctamente [OpenSSL 3.0.19 27 Jan 2026]
16-Apr-2026 21:54:32.801 INFORMACIÓN [main] org.apache.coyote.AbstractProtocol.init Inicializando el manejador de protocolo ["http-nio-8080"]

16-Apr-2026 21:54:32.848 INFORMACIÓN [main] org.apache.catalina.startup.Catalina.load Server initialization in [666] milliseconds
16-Apr-2026 21:54:32.929 INFORMACIÓN [main] org.apache.catalina.core.StandardService.startInternal Arrancando servicio [Catalina]
16-Apr-2026 21:54:32.930 INFORMACIÓN [main] org.apache.catalina.core.StandardEngine.startInternal Starting Servlet engine: [Apache Tomcat/9.0.117]
16-Apr-2026 21:54:32.953 INFORMACIÓN [main] org.apache.catalina.startup.HostConfig.deployWAR Despliegue del archivo [C:\Users\yordi\Documents\NetBeansProjects\CV_Administrador\.runtime\apache-tomcat-9.0.117\webapps\cvmanager.war] de la aplicación web
16-Apr-2026 21:54:34.209 INFORMACIÓN [main] org.apache.jasper.servlet.TldScanner.scanJars Al menos un JAR, que se ha explorado buscando TLDs, aún no contenía TLDs. Activar historial de depuración para este historiador para una completa lista de los JARs que fueron explorados y de los que nos se halló TLDs. Saltarse JARs no necesarios durante la exploración puede dar lugar a una mejora de tiempo significativa en el arranque y compilación de JSP .
16-Apr-2026 21:54:39.303 ADVERTENCIA [main] org.apache.catalina.util.SessionIdGeneratorBase.createSecureRandom Creation of SecureRandom instance for session ID generation using [SHA1PRNG] took [5.011] milliseconds.
16-Apr-2026 21:54:39.324 INFORMACIÓN [main] org.apache.catalina.startup.HostConfig.deployWAR Deployment of web application archive [C:\Users\yordi\Documents\NetBeansProjects\CV_Administrador\.runtime\apache-tomcat-9.0.117\webapps\cvmanager.war] has finished in [6.371] ms
16-Apr-2026 21:54:39.325 INFORMACIÓN [main] org.apache.catalina.startup.HostConfig.deployDirectory Desplegando el directorio [C:\Users\yordi\Documents\NetBeansProjects\CV_Administrador\.runtime\apache-tomcat-9.0.117\webapps\docs] de la aplicación web
16-Apr-2026 21:54:39.359 INFORMACIÓN [main] org.apache.catalina.startup.HostConfig.deployDirectory Deployment of web application directory [C:\Users\yordi\Documents\NetBeansProjects\CV_Administrador\.runtime\apache-tomcat-9.0.117\webapps\docs] has finished in [34] ms
16-Apr-2026 21:54:39.359 INFORMACIÓN [main] org.apache.catalina.startup.HostConfig.deployDirectory Desplegando el directorio [C:\Users\yordi\Documents\NetBeansProjects\CV_Administrador\.runtime\apache-tomcat-9.0.117\webapps\examples] de la aplicación web
16-Apr-2026 21:54:39.745 INFORMACIÓN [main] org.apache.catalina.startup.HostConfig.deployDirectory Deployment of web application directory [C:\Users\yordi\Documents\NetBeansProjects\CV_Administrador\.runtime\apache-tomcat-9.0.117\webapps\examples] has finished in [386] ms
16-Apr-2026 21:54:39.745 INFORMACIÓN [main] org.apache.catalina.startup.HostConfig.deployDirectory Desplegando el directorio [C:\Users\yordi\Documents\NetBeansProjects\CV_Administrador\.runtime\apache-tomcat-9.0.117\webapps\host-manager] de la aplicación web
16-Apr-2026 21:54:39.789 INFORMACIÓN [main] org.apache.catalina.startup.HostConfig.deployDirectory Deployment of web application directory [C:\Users\yordi\Documents\NetBeansProjects\CV_Administrador\.runtime\apache-tomcat-9.0.117\webapps\host-manager] has finished in [44] ms
16-Apr-2026 21:54:39.790 INFORMACIÓN [main] org.apache.catalina.startup.HostConfig.deployDirectory Desplegando el directorio [C:\Users\yordi\Documents\NetBeansProjects\CV_Administrador\.runtime\apache-tomcat-9.0.117\webapps\manager] de la aplicación web
16-Apr-2026 21:54:39.824 INFORMACIÓN [main] org.apache.catalina.startup.HostConfig.deployDirectory Deployment of web application directory [C:\Users\yordi\Documents\NetBeansProjects\CV_Administrador\.runtime\apache-tomcat-9.0.117\webapps\manager] has finished in [33] ms
16-Apr-2026 21:54:39.824 INFORMACIÓN [main] org.apache.catalina.startup.HostConfig.deployDirectory Desplegando el directorio [C:\Users\yordi\Documents\NetBeansProjects\CV_Administrador\.runtime\apache-tomcat-9.0.117\webapps\ROOT] de la aplicación web
16-Apr-2026 21:54:39.854 INFORMACIÓN [main] org.apache.catalina.startup.HostConfig.deployDirectory Deployment of web application directory [C:\Users\yordi\Documents\NetBeansProjects\CV_Administrador\.runtime\apache-tomcat-9.0.117\webapps\ROOT] has finished in [30] ms
16-Apr-2026 21:54:39.862 INFORMACIÓN [main] org.apache.coyote.AbstractProtocol.start Starting ProtocolHandler ["http-nio-8080"]
16-Apr-2026 21:54:47.317 INFORMACIÓN [main] org.apache.catalina.startup.Catalina.start Server startup in [14469] milliseconds
16-Apr-2026 21:55:44.180 INFORMACIÓN [main] org.apache.catalina.startup.VersionLoggerListener.log Nombre de la versión del servidor: Apache Tomcat/9.0.117
16-Apr-2026 21:55:44.189 INFORMACIÓN [main] org.apache.catalina.startup.VersionLoggerListener.log Server built:                      Mar 30 2026 18:21:16 UTC
16-Apr-2026 21:55:44.190 INFORMACIÓN [main] org.apache.catalina.startup.VersionLoggerListener.log Número de versión de servidor:     9.0.117.0
16-Apr-2026 21:55:44.190 INFORMACIÓN [main] org.apache.catalina.startup.VersionLoggerListener.log OS Name:                           Windows 11
16-Apr-2026 21:55:44.190 INFORMACIÓN [main] org.apache.catalina.startup.VersionLoggerListener.log Versión de Systema Operativo:      10.0
16-Apr-2026 21:55:44.190 INFORMACIÓN [main] org.apache.catalina.startup.VersionLoggerListener.log Arquitectura:                      amd64
16-Apr-2026 21:55:44.191 INFORMACIÓN [main] org.apache.catalina.startup.VersionLoggerListener.log Java Home:                         C:\Program Files\Microsoft\jdk-17.0.18.8-hotspot
16-Apr-2026 21:55:44.191 INFORMACIÓN [main] org.apache.catalina.startup.VersionLoggerListener.log JVM Version:                       17.0.18+8-LTS
16-Apr-2026 21:55:44.191 INFORMACIÓN [main] org.apache.catalina.startup.VersionLoggerListener.log Vededor JVM:                       Microsoft
16-Apr-2026 21:55:44.192 INFORMACIÓN [main] org.apache.catalina.startup.VersionLoggerListener.log CATALINA_BASE:                     C:\Users\yordi\Documents\NetBeansProjects\CV_Administrador\.runtime\apache-tomcat-9.0.117
16-Apr-2026 21:55:44.192 INFORMACIÓN [main] org.apache.catalina.startup.VersionLoggerListener.log CATALINA_HOME:                     C:\Users\yordi\Documents\NetBeansProjects\CV_Administrador\.runtime\apache-tomcat-9.0.117
16-Apr-2026 21:55:44.206 INFORMACIÓN [main] org.apache.catalina.startup.VersionLoggerListener.log Command line argument:             --add-opens=java.base/java.lang=ALL-UNNAMED
16-Apr-2026 21:55:44.206 INFORMACIÓN [main] org.apache.catalina.startup.VersionLoggerListener.log Command line argument:             --add-opens=java.base/java.lang.invoke=ALL-UNNAMED
16-Apr-2026 21:55:44.207 INFORMACIÓN [main] org.apache.catalina.startup.VersionLoggerListener.log Command line argument:             --add-opens=java.base/java.lang.reflect=ALL-UNNAMED
16-Apr-2026 21:55:44.207 INFORMACIÓN [main] org.apache.catalina.startup.VersionLoggerListener.log Command line argument:             --add-opens=java.base/java.io=ALL-UNNAMED
16-Apr-2026 21:55:44.207 INFORMACIÓN [main] org.apache.catalina.startup.VersionLoggerListener.log Command line argument:             --add-opens=java.base/java.util=ALL-UNNAMED
16-Apr-2026 21:55:44.207 INFORMACIÓN [main] org.apache.catalina.startup.VersionLoggerListener.log Command line argument:             --add-opens=java.base/java.util.concurrent=ALL-UNNAMED
16-Apr-2026 21:55:44.207 INFORMACIÓN [main] org.apache.catalina.startup.VersionLoggerListener.log Command line argument:             --add-opens=java.rmi/sun.rmi.transport=ALL-UNNAMED
16-Apr-2026 21:55:44.208 INFORMACIÓN [main] org.apache.catalina.startup.VersionLoggerListener.log Command line argument:             -Djava.util.logging.config.file=C:\Users\yordi\Documents\NetBeansProjects\CV_Administrador\.runtime\apache-tomcat-9.0.117\conf\logging.properties
16-Apr-2026 21:55:44.208 INFORMACIÓN [main] org.apache.catalina.startup.VersionLoggerListener.log Command line argument:             -Djava.util.logging.manager=org.apache.juli.ClassLoaderLogManager
16-Apr-2026 21:55:44.209 INFORMACIÓN [main] org.apache.catalina.startup.VersionLoggerListener.log Command line argument:             -Djdk.tls.ephemeralDHKeySize=2048
16-Apr-2026 21:55:44.209 INFORMACIÓN [main] org.apache.catalina.startup.VersionLoggerListener.log Command line argument:             -Djava.protocol.handler.pkgs=org.apache.catalina.webresources
16-Apr-2026 21:55:44.209 INFORMACIÓN [main] org.apache.catalina.startup.VersionLoggerListener.log Command line argument:             -Dsun.io.useCanonCaches=false
16-Apr-2026 21:55:44.209 INFORMACIÓN [main] org.apache.catalina.startup.VersionLoggerListener.log Command line argument:             -Dignore.endorsed.dirs=
16-Apr-2026 21:55:44.210 INFORMACIÓN [main] org.apache.catalina.startup.VersionLoggerListener.log Command line argument:             -Dcatalina.base=C:\Users\yordi\Documents\NetBeansProjects\CV_Administrador\.runtime\apache-tomcat-9.0.117
16-Apr-2026 21:55:44.210 INFORMACIÓN [main] org.apache.catalina.startup.VersionLoggerListener.log Command line argument:             -Dcatalina.home=C:\Users\yordi\Documents\NetBeansProjects\CV_Administrador\.runtime\apache-tomcat-9.0.117
16-Apr-2026 21:55:44.210 INFORMACIÓN [main] org.apache.catalina.startup.VersionLoggerListener.log Command line argument:             -Djava.io.tmpdir=C:\Users\yordi\Documents\NetBeansProjects\CV_Administrador\.runtime\apache-tomcat-9.0.117\temp
16-Apr-2026 21:55:44.219 INFORMACIÓN [main] org.apache.catalina.core.AprLifecycleListener.lifecycleEvent Cargada la biblioteca nativa APR de Apache Tomcat [1.3.7] con la versión APR [1.7.6].
16-Apr-2026 21:55:44.219 INFORMACIÓN [main] org.apache.catalina.core.AprLifecycleListener.lifecycleEvent Capacidades APR: IPv6 [true], enviar fichero [true], aceptar filtros [false], aleatorio [true], UDS [true].
16-Apr-2026 21:55:44.219 INFORMACIÓN [main] org.apache.catalina.core.AprLifecycleListener.lifecycleEvent APR/OpenSSL configuration: useAprConnector [false], useOpenSSL [true]
16-Apr-2026 21:55:44.225 INFORMACIÓN [main] org.apache.catalina.core.AprLifecycleListener.initializeSSL OpenSSL inicializado correctamente [OpenSSL 3.0.19 27 Jan 2026]
16-Apr-2026 21:55:44.489 INFORMACIÓN [main] org.apache.coyote.AbstractProtocol.init Inicializando el manejador de protocolo ["http-nio-8080"]

16-Apr-2026 21:55:44.529 INFORMACIÓN [main] org.apache.catalina.startup.Catalina.load Server initialization in [576] milliseconds
16-Apr-2026 21:55:44.610 INFORMACIÓN [main] org.apache.catalina.core.StandardService.startInternal Arrancando servicio [Catalina]
16-Apr-2026 21:55:44.610 INFORMACIÓN [main] org.apache.catalina.core.StandardEngine.startInternal Starting Servlet engine: [Apache Tomcat/9.0.117]
16-Apr-2026 21:55:44.636 INFORMACIÓN [main] org.apache.catalina.startup.HostConfig.deployWAR Despliegue del archivo [C:\Users\yordi\Documents\NetBeansProjects\CV_Administrador\.runtime\apache-tomcat-9.0.117\webapps\cvmanager.war] de la aplicación web
16-Apr-2026 21:55:45.909 INFORMACIÓN [main] org.apache.jasper.servlet.TldScanner.scanJars Al menos un JAR, que se ha explorado buscando TLDs, aún no contenía TLDs. Activar historial de depuración para este historiador para una completa lista de los JARs que fueron explorados y de los que nos se halló TLDs. Saltarse JARs no necesarios durante la exploración puede dar lugar a una mejora de tiempo significativa en el arranque y compilación de JSP .
16-Apr-2026 21:55:46.035 INFORMACIÓN [main] org.apache.catalina.startup.HostConfig.deployWAR Deployment of web application archive [C:\Users\yordi\Documents\NetBeansProjects\CV_Administrador\.runtime\apache-tomcat-9.0.117\webapps\cvmanager.war] has finished in [1.398] ms
16-Apr-2026 21:55:46.035 INFORMACIÓN [main] org.apache.catalina.startup.HostConfig.deployDirectory Desplegando el directorio [C:\Users\yordi\Documents\NetBeansProjects\CV_Administrador\.runtime\apache-tomcat-9.0.117\webapps\docs] de la aplicación web
16-Apr-2026 21:55:46.080 INFORMACIÓN [main] org.apache.catalina.startup.HostConfig.deployDirectory Deployment of web application directory [C:\Users\yordi\Documents\NetBeansProjects\CV_Administrador\.runtime\apache-tomcat-9.0.117\webapps\docs] has finished in [45] ms
16-Apr-2026 21:55:46.080 INFORMACIÓN [main] org.apache.catalina.startup.HostConfig.deployDirectory Desplegando el directorio [C:\Users\yordi\Documents\NetBeansProjects\CV_Administrador\.runtime\apache-tomcat-9.0.117\webapps\examples] de la aplicación web
16-Apr-2026 21:55:46.596 INFORMACIÓN [main] org.apache.catalina.startup.HostConfig.deployDirectory Deployment of web application directory [C:\Users\yordi\Documents\NetBeansProjects\CV_Administrador\.runtime\apache-tomcat-9.0.117\webapps\examples] has finished in [515] ms
16-Apr-2026 21:55:46.596 INFORMACIÓN [main] org.apache.catalina.startup.HostConfig.deployDirectory Desplegando el directorio [C:\Users\yordi\Documents\NetBeansProjects\CV_Administrador\.runtime\apache-tomcat-9.0.117\webapps\host-manager] de la aplicación web
16-Apr-2026 21:55:46.646 INFORMACIÓN [main] org.apache.catalina.startup.HostConfig.deployDirectory Deployment of web application directory [C:\Users\yordi\Documents\NetBeansProjects\CV_Administrador\.runtime\apache-tomcat-9.0.117\webapps\host-manager] has finished in [50] ms
16-Apr-2026 21:55:46.646 INFORMACIÓN [main] org.apache.catalina.startup.HostConfig.deployDirectory Desplegando el directorio [C:\Users\yordi\Documents\NetBeansProjects\CV_Administrador\.runtime\apache-tomcat-9.0.117\webapps\manager] de la aplicación web
16-Apr-2026 21:55:46.692 INFORMACIÓN [main] org.apache.catalina.startup.HostConfig.deployDirectory Deployment of web application directory [C:\Users\yordi\Documents\NetBeansProjects\CV_Administrador\.runtime\apache-tomcat-9.0.117\webapps\manager] has finished in [46] ms
16-Apr-2026 21:55:46.693 INFORMACIÓN [main] org.apache.catalina.startup.HostConfig.deployDirectory Desplegando el directorio [C:\Users\yordi\Documents\NetBeansProjects\CV_Administrador\.runtime\apache-tomcat-9.0.117\webapps\ROOT] de la aplicación web
16-Apr-2026 21:55:46.734 INFORMACIÓN [main] org.apache.catalina.startup.HostConfig.deployDirectory Deployment of web application directory [C:\Users\yordi\Documents\NetBeansProjects\CV_Administrador\.runtime\apache-tomcat-9.0.117\webapps\ROOT] has finished in [40] ms
16-Apr-2026 21:55:46.740 INFORMACIÓN [main] org.apache.coyote.AbstractProtocol.start Starting ProtocolHandler ["http-nio-8080"]
16-Apr-2026 21:55:46.813 INFORMACIÓN [main] org.apache.catalina.startup.Catalina.start Server startup in [2283] milliseconds
16-Apr-2026 22:07:07.963 INFORMACIÓN [main] org.apache.catalina.core.StandardServer.await Se ha recibido un comando de apagado a través del puerto de apagado. Parando la instancia del Servidor.
16-Apr-2026 22:07:07.965 INFORMACIÓN [main] org.apache.coyote.AbstractProtocol.pause Pausing ProtocolHandler ["http-nio-8080"]
16-Apr-2026 22:07:08.105 INFORMACIÓN [main] org.apache.catalina.core.StandardService.stopInternal Parando servicio [Catalina]
16-Apr-2026 22:07:08.160 ADVERTENCIA [main] org.apache.catalina.loader.WebappClassLoaderBase.clearReferencesJdbc La aplicación web [cvmanager] registró el conductor JDBC [com.mysql.cj.jdbc.Driver] pero falló al anular el registro mientras la aplicación web estaba parada. Para prevenir un fallo de memoria, se ha anulado el registro del conductor JDBC por la fuerza.
16-Apr-2026 22:07:08.163 ADVERTENCIA [main] org.apache.catalina.loader.WebappClassLoaderBase.clearReferencesThreads The web application [cvmanager] appears to have started a thread named [mysql-cj-abandoned-connection-cleanup] but has failed to stop it. This is very likely to create a memory leak. Stack trace of thread:
 java.base@17.0.18/java.lang.Object.wait(Native Method)
 java.base@17.0.18/java.lang.ref.ReferenceQueue.remove(ReferenceQueue.java:155)
 com.mysql.cj.jdbc.AbandonedConnectionCleanupThread.run(AbandonedConnectionCleanupThread.java:91)
 java.base@17.0.18/java.util.concurrent.ThreadPoolExecutor.runWorker(ThreadPoolExecutor.java:1136)
 java.base@17.0.18/java.util.concurrent.ThreadPoolExecutor$Worker.run(ThreadPoolExecutor.java:635)
 java.base@17.0.18/java.lang.Thread.run(Thread.java:840)
16-Apr-2026 22:07:08.172 INFORMACIÓN [main] org.apache.coyote.AbstractProtocol.stop Stopping ProtocolHandler ["http-nio-8080"]
16-Apr-2026 22:07:08.189 INFORMACIÓN [main] org.apache.coyote.AbstractProtocol.destroy Destroying ProtocolHandler ["http-nio-8080"]
16-Apr-2026 22:07:47.238 INFORMACIÓN [main] org.apache.catalina.startup.VersionLoggerListener.log Nombre de la versión del servidor: Apache Tomcat/9.0.117
16-Apr-2026 22:07:47.246 INFORMACIÓN [main] org.apache.catalina.startup.VersionLoggerListener.log Server built:                      Mar 30 2026 18:21:16 UTC
16-Apr-2026 22:07:47.246 INFORMACIÓN [main] org.apache.catalina.startup.VersionLoggerListener.log Número de versión de servidor:     9.0.117.0
16-Apr-2026 22:07:47.246 INFORMACIÓN [main] org.apache.catalina.startup.VersionLoggerListener.log OS Name:                           Windows 11
16-Apr-2026 22:07:47.247 INFORMACIÓN [main] org.apache.catalina.startup.VersionLoggerListener.log Versión de Systema Operativo:      10.0
16-Apr-2026 22:07:47.247 INFORMACIÓN [main] org.apache.catalina.startup.VersionLoggerListener.log Arquitectura:                      amd64
16-Apr-2026 22:07:47.248 INFORMACIÓN [main] org.apache.catalina.startup.VersionLoggerListener.log Java Home:                         C:\Program Files\Microsoft\jdk-17.0.18.8-hotspot
16-Apr-2026 22:07:47.248 INFORMACIÓN [main] org.apache.catalina.startup.VersionLoggerListener.log JVM Version:                       17.0.18+8-LTS
16-Apr-2026 22:07:47.248 INFORMACIÓN [main] org.apache.catalina.startup.VersionLoggerListener.log Vededor JVM:                       Microsoft
16-Apr-2026 22:07:47.248 INFORMACIÓN [main] org.apache.catalina.startup.VersionLoggerListener.log CATALINA_BASE:                     C:\Users\yordi\Documents\NetBeansProjects\CV_Administrador\.runtime\apache-tomcat-9.0.117
16-Apr-2026 22:07:47.248 INFORMACIÓN [main] org.apache.catalina.startup.VersionLoggerListener.log CATALINA_HOME:                     C:\Users\yordi\Documents\NetBeansProjects\CV_Administrador\.runtime\apache-tomcat-9.0.117
16-Apr-2026 22:07:47.266 INFORMACIÓN [main] org.apache.catalina.startup.VersionLoggerListener.log Command line argument:             --add-opens=java.base/java.lang=ALL-UNNAMED
16-Apr-2026 22:07:47.266 INFORMACIÓN [main] org.apache.catalina.startup.VersionLoggerListener.log Command line argument:             --add-opens=java.base/java.lang.invoke=ALL-UNNAMED
16-Apr-2026 22:07:47.266 INFORMACIÓN [main] org.apache.catalina.startup.VersionLoggerListener.log Command line argument:             --add-opens=java.base/java.lang.reflect=ALL-UNNAMED
16-Apr-2026 22:07:47.266 INFORMACIÓN [main] org.apache.catalina.startup.VersionLoggerListener.log Command line argument:             --add-opens=java.base/java.io=ALL-UNNAMED
16-Apr-2026 22:07:47.266 INFORMACIÓN [main] org.apache.catalina.startup.VersionLoggerListener.log Command line argument:             --add-opens=java.base/java.util=ALL-UNNAMED
16-Apr-2026 22:07:47.267 INFORMACIÓN [main] org.apache.catalina.startup.VersionLoggerListener.log Command line argument:             --add-opens=java.base/java.util.concurrent=ALL-UNNAMED
16-Apr-2026 22:07:47.267 INFORMACIÓN [main] org.apache.catalina.startup.VersionLoggerListener.log Command line argument:             --add-opens=java.rmi/sun.rmi.transport=ALL-UNNAMED
16-Apr-2026 22:07:47.267 INFORMACIÓN [main] org.apache.catalina.startup.VersionLoggerListener.log Command line argument:             -Djava.util.logging.config.file=C:\Users\yordi\Documents\NetBeansProjects\CV_Administrador\.runtime\apache-tomcat-9.0.117\conf\logging.properties
16-Apr-2026 22:07:47.269 INFORMACIÓN [main] org.apache.catalina.startup.VersionLoggerListener.log Command line argument:             -Djava.util.logging.manager=org.apache.juli.ClassLoaderLogManager
16-Apr-2026 22:07:47.269 INFORMACIÓN [main] org.apache.catalina.startup.VersionLoggerListener.log Command line argument:             -Djdk.tls.ephemeralDHKeySize=2048
16-Apr-2026 22:07:47.269 INFORMACIÓN [main] org.apache.catalina.startup.VersionLoggerListener.log Command line argument:             -Djava.protocol.handler.pkgs=org.apache.catalina.webresources
16-Apr-2026 22:07:47.269 INFORMACIÓN [main] org.apache.catalina.startup.VersionLoggerListener.log Command line argument:             -Dsun.io.useCanonCaches=false
16-Apr-2026 22:07:47.270 INFORMACIÓN [main] org.apache.catalina.startup.VersionLoggerListener.log Command line argument:             -Dignore.endorsed.dirs=
16-Apr-2026 22:07:47.270 INFORMACIÓN [main] org.apache.catalina.startup.VersionLoggerListener.log Command line argument:             -Dcatalina.base=C:\Users\yordi\Documents\NetBeansProjects\CV_Administrador\.runtime\apache-tomcat-9.0.117
16-Apr-2026 22:07:47.270 INFORMACIÓN [main] org.apache.catalina.startup.VersionLoggerListener.log Command line argument:             -Dcatalina.home=C:\Users\yordi\Documents\NetBeansProjects\CV_Administrador\.runtime\apache-tomcat-9.0.117
16-Apr-2026 22:07:47.270 INFORMACIÓN [main] org.apache.catalina.startup.VersionLoggerListener.log Command line argument:             -Djava.io.tmpdir=C:\Users\yordi\Documents\NetBeansProjects\CV_Administrador\.runtime\apache-tomcat-9.0.117\temp
16-Apr-2026 22:07:47.277 INFORMACIÓN [main] org.apache.catalina.core.AprLifecycleListener.lifecycleEvent Cargada la biblioteca nativa APR de Apache Tomcat [1.3.7] con la versión APR [1.7.6].
16-Apr-2026 22:07:47.277 INFORMACIÓN [main] org.apache.catalina.core.AprLifecycleListener.lifecycleEvent Capacidades APR: IPv6 [true], enviar fichero [true], aceptar filtros [false], aleatorio [true], UDS [true].
16-Apr-2026 22:07:47.277 INFORMACIÓN [main] org.apache.catalina.core.AprLifecycleListener.lifecycleEvent APR/OpenSSL configuration: useAprConnector [false], useOpenSSL [true]
16-Apr-2026 22:07:47.285 INFORMACIÓN [main] org.apache.catalina.core.AprLifecycleListener.initializeSSL OpenSSL inicializado correctamente [OpenSSL 3.0.19 27 Jan 2026]
16-Apr-2026 22:07:47.571 INFORMACIÓN [main] org.apache.coyote.AbstractProtocol.init Inicializando el manejador de protocolo ["http-nio-8080"]

16-Apr-2026 22:07:47.606 INFORMACIÓN [main] org.apache.catalina.startup.Catalina.load Server initialization in [617] milliseconds
16-Apr-2026 22:07:47.668 INFORMACIÓN [main] org.apache.catalina.core.StandardService.startInternal Arrancando servicio [Catalina]
16-Apr-2026 22:07:47.669 INFORMACIÓN [main] org.apache.catalina.core.StandardEngine.startInternal Starting Servlet engine: [Apache Tomcat/9.0.117]
16-Apr-2026 22:07:47.687 INFORMACIÓN [main] org.apache.catalina.startup.HostConfig.deployWAR Despliegue del archivo [C:\Users\yordi\Documents\NetBeansProjects\CV_Administrador\.runtime\apache-tomcat-9.0.117\webapps\cvmanager.war] de la aplicación web
16-Apr-2026 22:07:49.509 INFORMACIÓN [main] org.apache.jasper.servlet.TldScanner.scanJars Al menos un JAR, que se ha explorado buscando TLDs, aún no contenía TLDs. Activar historial de depuración para este historiador para una completa lista de los JARs que fueron explorados y de los que nos se halló TLDs. Saltarse JARs no necesarios durante la exploración puede dar lugar a una mejora de tiempo significativa en el arranque y compilación de JSP .
16-Apr-2026 22:07:49.696 INFORMACIÓN [main] org.apache.catalina.startup.HostConfig.deployWAR Deployment of web application archive [C:\Users\yordi\Documents\NetBeansProjects\CV_Administrador\.runtime\apache-tomcat-9.0.117\webapps\cvmanager.war] has finished in [2.007] ms
16-Apr-2026 22:07:49.697 INFORMACIÓN [main] org.apache.catalina.startup.HostConfig.deployDirectory Desplegando el directorio [C:\Users\yordi\Documents\NetBeansProjects\CV_Administrador\.runtime\apache-tomcat-9.0.117\webapps\docs] de la aplicación web
16-Apr-2026 22:07:49.752 INFORMACIÓN [main] org.apache.catalina.startup.HostConfig.deployDirectory Deployment of web application directory [C:\Users\yordi\Documents\NetBeansProjects\CV_Administrador\.runtime\apache-tomcat-9.0.117\webapps\docs] has finished in [55] ms
16-Apr-2026 22:07:49.752 INFORMACIÓN [main] org.apache.catalina.startup.HostConfig.deployDirectory Desplegando el directorio [C:\Users\yordi\Documents\NetBeansProjects\CV_Administrador\.runtime\apache-tomcat-9.0.117\webapps\examples] de la aplicación web
16-Apr-2026 22:07:50.480 INFORMACIÓN [main] org.apache.catalina.startup.HostConfig.deployDirectory Deployment of web application directory [C:\Users\yordi\Documents\NetBeansProjects\CV_Administrador\.runtime\apache-tomcat-9.0.117\webapps\examples] has finished in [728] ms
16-Apr-2026 22:07:50.480 INFORMACIÓN [main] org.apache.catalina.startup.HostConfig.deployDirectory Desplegando el directorio [C:\Users\yordi\Documents\NetBeansProjects\CV_Administrador\.runtime\apache-tomcat-9.0.117\webapps\host-manager] de la aplicación web
16-Apr-2026 22:07:50.544 INFORMACIÓN [main] org.apache.catalina.startup.HostConfig.deployDirectory Deployment of web application directory [C:\Users\yordi\Documents\NetBeansProjects\CV_Administrador\.runtime\apache-tomcat-9.0.117\webapps\host-manager] has finished in [64] ms
16-Apr-2026 22:07:50.545 INFORMACIÓN [main] org.apache.catalina.startup.HostConfig.deployDirectory Desplegando el directorio [C:\Users\yordi\Documents\NetBeansProjects\CV_Administrador\.runtime\apache-tomcat-9.0.117\webapps\manager] de la aplicación web
16-Apr-2026 22:07:50.603 INFORMACIÓN [main] org.apache.catalina.startup.HostConfig.deployDirectory Deployment of web application directory [C:\Users\yordi\Documents\NetBeansProjects\CV_Administrador\.runtime\apache-tomcat-9.0.117\webapps\manager] has finished in [58] ms
16-Apr-2026 22:07:50.603 INFORMACIÓN [main] org.apache.catalina.startup.HostConfig.deployDirectory Desplegando el directorio [C:\Users\yordi\Documents\NetBeansProjects\CV_Administrador\.runtime\apache-tomcat-9.0.117\webapps\ROOT] de la aplicación web
16-Apr-2026 22:07:50.647 INFORMACIÓN [main] org.apache.catalina.startup.HostConfig.deployDirectory Deployment of web application directory [C:\Users\yordi\Documents\NetBeansProjects\CV_Administrador\.runtime\apache-tomcat-9.0.117\webapps\ROOT] has finished in [44] ms
16-Apr-2026 22:07:50.652 INFORMACIÓN [main] org.apache.coyote.AbstractProtocol.start Starting ProtocolHandler ["http-nio-8080"]
16-Apr-2026 22:07:50.702 INFORMACIÓN [main] org.apache.catalina.startup.Catalina.start Server startup in [3094] milliseconds
16-Apr-2026 22:24:38.088 INFORMACIÓN [main] org.apache.catalina.core.StandardServer.await Se ha recibido un comando de apagado a través del puerto de apagado. Parando la instancia del Servidor.
16-Apr-2026 22:24:38.089 INFORMACIÓN [main] org.apache.coyote.AbstractProtocol.pause Pausing ProtocolHandler ["http-nio-8080"]
16-Apr-2026 22:24:38.215 INFORMACIÓN [main] org.apache.catalina.core.StandardService.stopInternal Parando servicio [Catalina]
16-Apr-2026 22:24:38.256 ADVERTENCIA [main] org.apache.catalina.loader.WebappClassLoaderBase.clearReferencesJdbc La aplicación web [cvmanager] registró el conductor JDBC [com.mysql.cj.jdbc.Driver] pero falló al anular el registro mientras la aplicación web estaba parada. Para prevenir un fallo de memoria, se ha anulado el registro del conductor JDBC por la fuerza.
16-Apr-2026 22:24:38.256 ADVERTENCIA [main] org.apache.catalina.loader.WebappClassLoaderBase.clearReferencesThreads The web application [cvmanager] appears to have started a thread named [mysql-cj-abandoned-connection-cleanup] but has failed to stop it. This is very likely to create a memory leak. Stack trace of thread:
 java.base@17.0.18/java.lang.Object.wait(Native Method)
 java.base@17.0.18/java.lang.ref.ReferenceQueue.remove(ReferenceQueue.java:155)
 com.mysql.cj.jdbc.AbandonedConnectionCleanupThread.run(AbandonedConnectionCleanupThread.java:91)
 java.base@17.0.18/java.util.concurrent.ThreadPoolExecutor.runWorker(ThreadPoolExecutor.java:1136)
 java.base@17.0.18/java.util.concurrent.ThreadPoolExecutor$Worker.run(ThreadPoolExecutor.java:635)
 java.base@17.0.18/java.lang.Thread.run(Thread.java:840)
16-Apr-2026 22:24:38.265 INFORMACIÓN [main] org.apache.coyote.AbstractProtocol.stop Stopping ProtocolHandler ["http-nio-8080"]
16-Apr-2026 22:24:38.270 INFORMACIÓN [main] org.apache.coyote.AbstractProtocol.destroy Destroying ProtocolHandler ["http-nio-8080"]
16-Apr-2026 22:24:38.318 INFORMACIÓN [mysql-cj-abandoned-connection-cleanup] org.apache.catalina.loader.WebappClassLoaderBase.checkStateForResourceLoading Acceso ilegal: esta instancia de aplicación web ya ha sido parada.  Could not load [].  La eventual traza de pila que sigue ha sido motivada por un error lanzado con motivos de depuración así como para intentar terminar el hilo que motivó el acceso ilegal y no tiene impacto funcional.
	java.lang.IllegalStateException: Acceso ilegal: esta instancia de aplicación web ya ha sido parada.  Could not load [].  La eventual traza de pila que sigue ha sido motivada por un error lanzado con motivos de depuración así como para intentar terminar el hilo que motivó el acceso ilegal y no tiene impacto funcional.
		at org.apache.catalina.loader.WebappClassLoaderBase.checkStateForResourceLoading(WebappClassLoaderBase.java:1370)
		at org.apache.catalina.loader.WebappClassLoaderBase.getResource(WebappClassLoaderBase.java:994)
		at com.mysql.cj.jdbc.AbandonedConnectionCleanupThread.checkThreadContextClassLoader(AbandonedConnectionCleanupThread.java:123)
		at com.mysql.cj.jdbc.AbandonedConnectionCleanupThread.run(AbandonedConnectionCleanupThread.java:90)
		at java.base/java.util.concurrent.ThreadPoolExecutor.runWorker(ThreadPoolExecutor.java:1136)
		at java.base/java.util.concurrent.ThreadPoolExecutor$Worker.run(ThreadPoolExecutor.java:635)
		at java.base/java.lang.Thread.run(Thread.java:840)
